No      Name    NOE        SD         
4       GLY     0.1308     0.01930    
5       SER     0.3488     0.01773    
6       MET     0.3838     0.02305    
7       ASP     0.5637     0.03229    
8       SER     0.6344     0.02572    
12      GLY     0.7587     0.05513    
13      TYR     0.8012     0.04243    
14      ARG     0.8680     0.06368    
15      ARG     0.8080     0.07244    
16      ASN     0.8700     0.08373    
17      VAL     0.8671     0.05705    
20      CYS     0.8289     0.04880    
21      LEU     0.8036     0.06263    
22      MET     0.7982     0.04135    
24      ASN     0.7678     0.03372    
25      ASP     0.7864     0.02340    
26      LYS     0.8266     0.03583    
27      LYS     0.8193     0.02961    
28      ILE     0.7786     0.04473    
29      PHE     0.9082     0.05906    
30      ALA     0.8688     0.04715    
32      SER     0.8322     0.04507    
33      ARG     0.7825     0.05367    
34      LEU     0.7918     0.05656    
35      ASP     0.7448     0.06471    
36      ILE     0.6649     0.03359    
38      ASP     0.6127     0.03295    
39      ALA     0.6740     0.03005    
