No      Name    NOE        SD         
4       GLY     0.1041     0.02387    
5       SER     0.3149     0.02561    
6       MET     0.3379     0.03518    
7       ASP     0.5560     0.04972    
8       SER     0.5592     0.03421    
12      GLY     0.7370     0.08352    
13      TYR     0.7617     0.05744    
14      ARG     0.8027     0.08177    
15      ARG     0.7774     0.09409    
16      ASN     0.6384     0.08545    
17      VAL     0.7969     0.07344    
20      CYS     0.7375     0.05852    
21      LEU     0.8601     0.10817    
22      MET     0.7714     0.05938    
24      ASN     0.7939     0.05164    
25      ASP     0.7207     0.03525    
26      LYS     0.7365     0.04549    
27      LYS     0.8194     0.04554    
28      ILE     0.8411     0.07329    
29      PHE     0.7959     0.07748    
30      ALA     0.8697     0.06578    
32      SER     0.7255     0.05554    
33      ARG     0.6318     0.05987    
34      LEU     0.7439     0.07060    
35      ASP     0.6718     0.07138    
36      ILE     0.5985     0.04105    
38      ASP     0.5896     0.04261    
39      ALA     0.6323     0.04028    
40      TRP     0.6564     0.05580    
41      GLN     0.8051     0.06327    
42      MET     0.7806     0.07401    
45      GLY     0.9211     0.09001    
46      GLY     0.6877     0.06529    
47      ILE     0.6864     0.07063    
48      ASP     0.7658     0.07096    
49      GLU     0.7114     0.03121    
50      GLY     0.6881     0.06257    
51      GLU     0.7429     0.03230    
55      ASN     0.7253     0.04294    
56      ALA     0.7311     0.04380    
58      ILE     0.7607     0.05732    
59      ARG     0.8110     0.05015    
60      GLU     0.8307     0.06929    
61      LEU     0.7685     0.04530    
62      ARG     0.8190     0.05428    
63      GLU     0.7127     0.05575    
64      GLU     0.7866     0.06200    
65      THR     0.7657     0.08426    
67      VAL     0.7600     0.05328    
68      THR     0.7720     0.09649    
69      SER     0.7524     0.08347    
70      ALA     0.7639     0.03001    
71      GLU     0.7718     0.04418    
72      VAL     0.7366     0.03475    
73      ILE     0.7416     0.07724    
74      ALA     0.7513     0.04197    
75      GLU     0.7511     0.03948    
76      VAL     0.7707     0.06187    
78      TYR     0.6874     0.03075    
79      TRP     0.8734     0.09123    
80      LEU     0.7927     0.09342    
81      THR     0.7660     0.07344    
83      ASP     0.7561     0.07655    
84      PHE     0.5642     0.06132    
87      LYS+    0.4847     0.08359    
88      VAL     0.6084     0.06912    
89      ARG+    0.6496     0.05860    
90      GLU-    0.6389     0.05787    
91      LYS+    0.5791     0.05289    
93      ASN     0.6146     0.04103    
95      GLN     0.5420     0.14921    
97      GLY     0.6155     0.06824    
98      SER     0.5462     0.05719    
100     TRP     0.5205     0.10038    
102     GLY     0.6559     0.06738    
104     ALA     0.7044     0.07797    
105     GLN     0.7683     0.08117    
106     LYS     0.9181     0.11616    
107     TRP     0.8912     0.11898    
108     PHE     0.8095     0.06272    
109     LEU     0.8469     0.06251    
110     PHE     0.8371     0.07840    
111     LYS     0.7846     0.05440    
112     PHE     0.8091     0.06398    
115     GLN     0.7760     0.03968    
116     ASP     0.7539     0.03691    
121     LEU     0.6881     0.05315    
122     LEU     0.6802     0.03849    
123     GLY     0.5592     0.02890    
125     GLY     0.5141     0.02596    
127     GLU     0.4911     0.02278    
128     LYS     0.4295     0.02591    
130     GLU     0.5352     0.04579    
131     PHE     0.6673     0.05123    
132     GLY     0.6898     0.07756    
133     GLU     0.6316     0.03964    
134     TRP     0.8010     0.04073    
135     SER     0.8309     0.05648    
137     VAL     0.7987     0.06651    
138     THR     0.7662     0.04939    
140     GLU     0.7826     0.04005    
142     LEU     0.8020     0.05253    
143     ILE     0.8497     0.06611    
146     THR     0.7095     0.04859    
148     GLU     0.7600     0.05859    
149     PHE     0.6231     0.07180    
150     LYS     0.6881     0.07675    
151     LYS     0.7462     0.06899    
153     VAL     0.7504     0.07638    
154     TYR     0.8607     0.08425    
155     LYS     0.7676     0.05071    
156     GLU     0.7971     0.05212    
157     VAL     0.7767     0.06016    
158     LEU     0.8182     0.06642    
159     SER     0.7953     0.04622    
160     VAL     0.8009     0.05555    
161     PHE     0.7837     0.05033    
162     ALA     0.7879     0.03496    
164     HIS     0.7051     0.04109    
165     LEU     0.7788     0.04498    
