No   Name  Rate    Error   
4    GLY   1.5333  0.0240  
5    SER   1.5612  0.0214  
6    MET   1.6614  0.0308  
7    ASP   1.6140  0.0351  
8    SER   1.5650  0.0237  
12   GLY   1.5705  0.0595  
13   TYR   1.4432  0.0408  
14   ARG   1.5305  0.0615  
15   ARG   1.4422  0.0706  
16   ASN   1.5634  0.0891  
17   VAL   1.4461  0.0528  
20   CYS   1.4513  0.0576  
21   LEU   1.4199  0.0833  
22   MET   1.4804  0.0477  
24   ASN   1.6503  0.0384  
25   ASP   1.3793  0.0279  
26   LYS   1.5242  0.0374  
27   LYS   1.3812  0.0318  
28   ILE   1.5118  0.0554  
29   PHE   1.5025  0.0638  
30   ALA   1.3981  0.0456  
32   SER   1.4219  0.0433  
33   ARG   1.5017  0.0546  
34   LEU   1.5523  0.0560  
35   ASP   1.5309  0.0624  
36   ILE   1.3542  0.0336  
38   ASP   1.4001  0.0357  
39   ALA   1.4360  0.0291  
40   TRP   1.3803  0.0495  
41   GLN   1.4749  0.0472  
42   MET   1.5108  0.0555  
45   GLY   1.5056  0.0539  
46   GLY   1.3868  0.0479  
47   ILE   1.3701  0.0518  
48   ASP   1.3514  0.0480  
49   GLU   1.3942  0.0205  
50   GLY   1.5367  0.0436  
51   GLU   1.3660  0.0212  
55   ASN   1.4120  0.0339  
56   ALA   1.4898  0.0337  
58   ILE   1.4372  0.0450  
59   ARG   1.4513  0.0387  
60   GLU   1.5618  0.0528  
61   LEU   1.5274  0.0351  
62   ARG   1.4816  0.0408  
63   GLU   1.5505  0.0464  
64   GLU   1.4132  0.0471  
65   THR   1.4908  0.0737  
67   VAL   1.3677  0.0405  
68   THR   1.5839  0.0836  
69   SER   1.3611  0.0694  
70   ALA   1.4329  0.0205  
71   GLU   1.4121  0.0311  
72   VAL   1.3867  0.0242  
73   ILE   1.4859  0.0665  
74   ALA   1.4977  0.0320  
75   GLU   1.4212  0.0286  
76   VAL   1.4318  0.0498  
78   TYR   1.0699  0.0199  
79   TRP   1.2895  0.0581  
80   LEU   1.3232  0.0710  
81   THR   1.4134  0.0438  
83   ASP   1.5595  0.0556  
84   PHE   1.4931  0.0587  
87   LYS+  1.5149  0.0805  
88   VAL   1.4645  0.0536  
89   ARG+  1.6735  0.0410  
90   GLU-  1.6278  0.0389  
91   LYS+  1.5475  0.0410  
93   ASN   1.5867  0.0309  
95   GLN   1.3419  0.1109  
97   GLY   1.6192  0.0552  
98   SER   1.5619  0.0477  
100  TRP   1.4145  0.0986  
102  GLY   1.4821  0.0684  
104  ALA   1.3182  0.0646  
105  GLN   1.3920  0.0627  
106  LYS   1.4597  0.0741  
107  TRP   1.5380  0.0798  
108  PHE   1.4834  0.0548  
109  LEU   1.4321  0.0502  
110  PHE   1.4028  0.0660  
111  LYS   1.3571  0.0421  
112  PHE   1.4914  0.0508  
115  GLN   1.4057  0.0288  
116  ASP   1.3768  0.0301  
121  LEU   1.4420  0.0488  
122  LEU   1.3971  0.0290  
123  GLY   1.3713  0.0219  
125  GLY   1.4518  0.0215  
127  GLU   1.3980  0.0155  
128  LYS   1.3563  0.0174  
130  GLU   1.3446  0.0378  
131  PHE   1.4134  0.0407  
132  GLY   1.4206  0.0644  
133  GLU   1.2234  0.0339  
134  TRP   1.3892  0.0274  
135  SER   1.3151  0.0411  
137  VAL   1.4364  0.0492  
138  THR   1.4892  0.0350  
140  GLU   1.3442  0.0248  
142  LEU   1.4373  0.0359  
143  ILE   1.4867  0.0450  
146  THR   1.4181  0.0353  
148  GLU   1.6188  0.0407  
149  PHE   1.7397  0.0739  
150  LYS   1.4309  0.0649  
151  LYS   1.4351  0.0494  
153  VAL   1.3695  0.0546  
154  TYR   1.3916  0.0605  
155  LYS   1.4987  0.0346  
156  GLU   1.4233  0.0329  
157  VAL   1.4388  0.0431  
158  LEU   1.4216  0.0440  
159  SER   1.3871  0.0319  
160  VAL   1.3706  0.0378  
161  PHE   1.4174  0.0387  
162  ALA   1.3756  0.0265  
164  HIS   1.3645  0.0313  
165  LEU   1.3832  0.0340  
