No   Name  Rate    Error   
4    GLY   1.2784  0.0138  
5    SER   1.2320  0.0093  
6    MET   1.3017  0.0143  
7    ASP   1.2591  0.0154  
8    SER   1.2006  0.0112  
12   GLY   1.1479  0.0232  
13   TYR   1.1841  0.0163  
14   ARG   1.1635  0.0265  
15   ARG   1.1574  0.0278  
16   ASN   1.1611  0.0379  
17   VAL   1.2075  0.0254  
20   CYS   1.1880  0.0227  
21   LEU   1.1627  0.0314  
22   MET   1.2215  0.0193  
24   ASN   1.1136  0.0138  
25   ASP   1.0933  0.0092  
26   LYS   1.2286  0.0138  
27   LYS   1.1508  0.0116  
28   ILE   1.1553  0.0205  
29   PHE   1.2093  0.0269  
30   ALA   1.1125  0.0170  
32   SER   1.1426  0.0168  
33   ARG   1.2109  0.0213  
34   LEU   1.2159  0.0229  
35   ASP   1.1986  0.0225  
36   ILE   1.1122  0.0131  
38   ASP   1.1294  0.0134  
39   ALA   1.1769  0.0121  
