No   Name  Rate    Error   
4    GLY   10.1970 0.1168  
5    SER   11.3534 0.0834  
6    MET   11.3922 0.1198  
7    ASP   12.7519 0.1605  
8    SER   13.3338 0.1313  
12   GLY   14.8077 0.3302  
13   TYR   16.0044 0.2512  
14   ARG   14.4805 0.4051  
15   ARG   15.6949 0.4102  
16   ASN   17.5458 0.6826  
17   VAL   16.2088 0.3939  
20   CYS   14.5416 0.2955  
21   LEU   15.8225 0.5169  
22   MET   14.7577 0.2698  
24   ASN   14.6116 0.2050  
25   ASP   14.0798 0.1363  
26   LYS   13.8144 0.1781  
27   LYS   14.7075 0.1771  
28   ILE   14.8505 0.3028  
29   PHE   14.8486 0.3569  
30   ALA   16.0791 0.2948  
32   SER   16.1377 0.2588  
33   ARG   14.2851 0.2981  
34   LEU   17.1849 0.3779  
35   ASP   15.3993 0.3713  
36   ILE   15.9448 0.2219  
38   ASP   14.1285 0.1827  
39   ALA   13.8734 0.1589  
40   TRP   13.1429 0.2083  
41   GLN   15.5543 0.2938  
42   MET   16.5366 0.4826  
45   GLY   17.1597 0.4801  
46   GLY   14.1608 0.3182  
47   ILE   14.4448 0.2961  
48   ASP   15.4408 0.3097  
49   GLU   13.5198 0.1131  
50   GLY   14.0789 0.2341  
51   GLU   15.1586 0.1287  
55   ASN   14.7589 0.1900  
56   ALA   15.0360 0.2224  
58   ILE   15.0680 0.2739  
59   ARG   15.9759 0.2347  
60   GLU   16.0847 0.3588  
61   LEU   15.9070 0.2191  
62   ARG   15.6141 0.2435  
63   GLU   16.0258 0.2983  
64   GLU   15.0643 0.2901  
65   THR   14.6524 0.4298  
67   VAL   15.5594 0.2529  
68   THR   15.9980 0.5040  
69   SER   14.5557 0.3918  
70   ALA   13.3562 0.1019  
71   GLU   13.8045 0.1558  
72   VAL   12.5307 0.1178  
73   ILE   14.2610 0.3586  
74   ALA   14.5570 0.1812  
75   GLU   14.6170 0.1408  
76   VAL   14.7651 0.2809  
78   TYR   12.1069 0.0885  
79   TRP   15.7055 0.3523  
80   LEU   15.1078 0.3678  
81   THR   15.0766 0.2529  
83   ASP   18.1255 0.4531  
84   PHE   15.0990 0.3698  
87   LYS+  18.5688 0.7527  
88   VAL   14.0743 0.3777  
89   ARG+  16.8797 0.2921  
90   GLU-  16.8467 0.2887  
91   LYS+  14.1213 0.2519  
93   ASN   16.0221 0.2178  
95   GLN   34.0512 2.9644  
97   GLY   14.1447 0.3401  
98   SER   16.1271 0.4598  
100  TRP   24.3728 1.5240  
102  GLY   16.4028 0.4943  
104  ALA   14.7415 0.3865  
105  GLN   14.6141 0.3506  
106  LYS   16.1985 0.4874  
107  TRP   14.6417 0.4455  
108  PHE   14.4794 0.2886  
109  LEU   14.2243 0.2455  
110  PHE   14.3680 0.3214  
111  LYS   14.2345 0.2295  
112  PHE   14.0985 0.2470  
115  GLN   14.5011 0.1501  
116  ASP   14.7961 0.1630  
121  LEU   14.3645 0.2583  
122  LEU   15.3509 0.1681  
123  GLY   11.5353 0.1009  
125  GLY   11.0100 0.0823  
127  GLU   12.3070 0.0770  
128  LYS   12.1854 0.0933  
130  GLU   13.4783 0.2039  
131  PHE   14.9431 0.2546  
132  GLY   15.6073 0.4303  
133  GLU   14.2951 0.1608  
134  TRP   15.9480 0.1702  
135  SER   15.3575 0.2323  
137  VAL   14.8000 0.2884  
138  THR   13.9484 0.1957  
140  GLU   14.6971 0.1527  
142  LEU   15.9412 0.2195  
143  ILE   16.2678 0.2493  
146  THR   15.0120 0.2107  
148  GLU   15.1018 0.2262  
149  PHE   17.2713 0.5741  
150  LYS   18.6677 0.5787  
151  LYS   15.6134 0.3251  
153  VAL   14.7487 0.2860  
154  TYR   15.8047 0.3554  
155  LYS   15.9357 0.2373  
156  GLU   15.8613 0.1996  
157  VAL   15.6341 0.2563  
158  LEU   15.4231 0.2747  
159  SER   14.6713 0.1766  
160  VAL   15.2479 0.2244  
161  PHE   14.7876 0.1963  
162  ALA   14.9716 0.1426  
164  HIS   14.6214 0.1717  
165  LEU   13.9283 0.1617  
