No   Name  Rate    Error   
4    GLY   1.4227  0.0148  
5    SER   1.4284  0.0120  
6    MET   1.5227  0.0180  
7    ASP   1.4904  0.0211  
8    SER   1.4284  0.0149  
12   GLY   1.4317  0.0348  
13   TYR   1.4180  0.0203  
14   ARG   1.4289  0.0355  
15   ARG   1.4670  0.0430  
16   ASN   1.4099  0.0477  
17   VAL   1.4286  0.0315  
20   CYS   1.4585  0.0283  
21   LEU   1.3809  0.0408  
22   MET   1.5072  0.0264  
24   ASN   1.4000  0.0198  
25   ASP   1.3280  0.0131  
26   LYS   1.4789  0.0201  
27   LYS   1.3827  0.0154  
28   ILE   1.4450  0.0290  
29   PHE   1.5006  0.0372  
30   ALA   1.4089  0.0241  
32   SER   1.4019  0.0242  
33   ARG   1.4308  0.0312  
34   LEU   1.4944  0.0366  
35   ASP   1.4552  0.0368  
36   ILE   1.3062  0.0191  
38   ASP   1.3459  0.0179  
39   ALA   1.4020  0.0170  
