No      Name    NOE        SD         
4       GLY     0.1295     0.01840    
5       SER     0.3450     0.01695    
6       MET     0.3852     0.02228    
7       ASP     0.5587     0.03107    
8       SER     0.6312     0.02462    
12      GLY     0.7774     0.05531    
13      TYR     0.8000     0.04140    
14      ARG     0.8613     0.06136    
15      ARG     0.8076     0.06997    
16      ASN     0.8737     0.08085    
17      VAL     0.8580     0.05441    
20      CYS     0.8249     0.04708    
21      LEU     0.8009     0.06056    
22      MET     0.7992     0.04013    
24      ASN     0.7679     0.03277    
25      ASP     0.7861     0.02270    
26      LYS     0.8256     0.03479    
27      LYS     0.8170     0.02861    
28      ILE     0.7712     0.04267    
29      PHE     0.8994     0.05635    
30      ALA     0.8683     0.04570    
32      SER     0.8286     0.04379    
33      ARG     0.7824     0.05250    
34      LEU     0.7971     0.05584    
35      ASP     0.7506     0.06392    
36      ILE     0.6647     0.03227    
38      ASP     0.6116     0.03205    
39      ALA     0.6736     0.02907    
40      TRP     0.6951     0.04464    
41      GLN     0.8069     0.04178    
42      MET     0.8440     0.05727    
45      GLY     0.8490     0.05794    
46      GLY     0.7781     0.05364    
47      ILE     0.7646     0.05058    
48      ASP     0.8755     0.05554    
49      GLU     0.7674     0.02152    
50      GLY     0.6734     0.03776    
51      GLU     0.8128     0.02206    
55      ASN     0.7457     0.02921    
56      ALA     0.8172     0.03378    
58      ILE     0.8104     0.04110    
59      ARG     0.8857     0.03625    
60      GLU     0.8686     0.04706    
61      LEU     0.8535     0.03250    
62      ARG     0.7925     0.03433    
63      GLU     0.8587     0.04262    
64      GLU     0.8392     0.04567    
65      THR     0.8517     0.06175    
67      VAL     0.8646     0.03887    
68      THR     0.7473     0.06246    
69      SER     0.8778     0.06562    
70      ALA     0.8354     0.02195    
71      GLU     0.8532     0.03350    
72      VAL     0.8106     0.02734    
73      ILE     0.8087     0.05685    
74      ALA     0.8765     0.03104    
75      GLU     0.8165     0.02771    
76      VAL     0.8078     0.04609    
78      TYR     0.7096     0.02091    
79      TRP     0.8071     0.05286    
80      LEU     0.7577     0.05701    
81      THR     0.8030     0.05048    
83      ASP     0.7756     0.05705    
84      PHE     0.7021     0.05195    
87      LYS+    0.8663     0.10443    
88      VAL     0.7011     0.05302    
89      ARG+    0.6563     0.04050    
90      GLU-    0.6743     0.04129    
91      LYS+    0.7103     0.04859    
93      ASN     0.6765     0.02941    
95      GLN     0.6367     0.15320    
97      GLY     0.5986     0.05538    
98      SER     0.6089     0.05744    
100     TRP     0.5417     0.10886    
102     GLY     0.8841     0.07829    
104     ALA     0.8552     0.06876    
105     GLN     0.8685     0.06239    
106     LYS     0.8519     0.07204    
107     TRP     0.8702     0.07678    
108     PHE     0.9021     0.04869    
109     LEU     0.8523     0.09747    
110     PHE     0.8368     0.05137    
111     LYS     0.8363     0.03925    
112     PHE     0.8413     0.04421    
115     GLN     0.8220     0.02883    
116     ASP     0.8058     0.02542    
121     LEU     0.7479     0.03870    
122     LEU     0.7926     0.02890    
123     GLY     0.5783     0.02173    
125     GLY     0.6254     0.02083    
127     GLU     0.5505     0.01564    
128     LYS     0.5057     0.01894    
130     GLU     0.6085     0.03482    
131     PHE     0.7734     0.04248    
132     GLY     0.8739     0.07245    
133     GLU     0.6057     0.02591    
134     TRP     0.8424     0.02880    
135     SER     0.8410     0.03842    
137     VAL     0.8914     0.04563    
138     THR     0.9038     0.04072    
140     GLU     0.7693     0.02650    
142     LEU     0.7966     0.03364    
143     ILE     0.8439     0.04185    
146     THR     0.7490     0.03382    
148     GLU     0.7903     0.04199    
149     PHE     0.8033     0.07945    
150     LYS     0.9032     0.07317    
151     LYS     0.8187     0.04649    
153     VAL     0.7540     0.04830    
154     TYR     0.8222     0.05884    
155     LYS     0.8652     0.03973    
156     GLU     0.8583     0.03506    
157     VAL     0.8078     0.04078    
158     LEU     0.8448     0.04424    
159     SER     0.8773     0.03442    
160     VAL     0.7903     0.03433    
161     PHE     0.8598     0.03601    
162     ALA     0.8208     0.02446    
164     HIS     0.7534     0.02792    
165     LEU     0.7671     0.02848    
