Res      | NOE(600)  NOE(500)  R1(600)   R1(500)   R2(600)   R2(500)    | S2f     tf          Rex(600)Rex(500)S2s     ts          S2      tf prime              ts prime              
0        | 0.83060   0.81200   1.14339   1.48044   14.72210  13.75411   | 0.90100 0           0.00000 0.00000 1.00000 0           0.90100 0                     0                     
