No      Name    NOE            SD             
0       XXX     0.83060   0.04000   
1       XXX     0.83060   0.04000   
