No      Name    NOE            SD             
0       XXX     0.81200   0.05000   
1       XXX     0.81200   0.05000   
