No      Name    Rate           SD             
0       XXX     1.48044   0.02961   
1       XXX     1.33388   0.02668   
