No      Name    Rate           SD             
0       XXX     1.14339   0.02287   
1       XXX     1.03020   0.02060   
