No      Name    Rate           SD             
0       XXX     13.75411  0.27508   
1       XXX     12.39245  0.24785   
