No      Name    Rate           SD             
0       XXX     14.72210  0.29444   
1       XXX     13.26461  0.26529   
