No      Name    NOE        SD         
4       GLY     0.1016     0.02796    
5       SER     0.3152     0.02660    
6       MET     0.3119     0.03603    
7       ASP     0.5623     0.04910    
8       SER     0.5967     0.03784    
12      GLY     0.7927     0.09111    
13      TYR     0.6956     0.05460    
14      ARG     0.7380     0.08551    
15      ARG     0.7042     0.09335    
16      ASN     0.7557     0.12550    
17      VAL     0.7802     0.08022    
20      CYS     0.8926     0.08054    
21      LEU     0.7215     0.09423    
22      MET     0.7779     0.06072    
24      ASN     0.7277     0.04967    
25      ASP     0.7335     0.03773    
26      LYS     0.7864     0.05294    
27      LYS     0.7987     0.04530    
28      ILE     0.8339     0.08117    
29      PHE     0.8206     0.08571    
30      ALA     0.8135     0.06738    
32      SER     0.7744     0.07002    
33      ARG     0.7284     0.08317    
34      LEU     0.6532     0.08222    
35      ASP     0.5796     0.07822    
36      ILE     0.6666     0.05175    
38      ASP     0.6123     0.05324    
39      ALA     0.6373     0.04483    
