No   Name  Rate    Error   
4    GLY   10.2234 0.0916  
5    SER   11.2850 0.0780  
6    MET   11.4054 0.1062  
7    ASP   12.7516 0.1447  
8    SER   13.3449 0.1165  
12   GLY   14.8028 0.2848  
13   TYR   15.9890 0.2146  
14   ARG   14.5073 0.3290  
15   ARG   15.7227 0.4013  
16   ASN   17.3338 0.5620  
17   VAL   16.0841 0.3332  
20   CYS   14.5899 0.2524  
21   LEU   15.8317 0.4241  
22   MET   14.7305 0.2310  
24   ASN   14.5299 0.1715  
25   ASP   14.1951 0.1084  
26   LYS   13.7816 0.1527  
27   LYS   14.7272 0.1476  
28   ILE   14.9093 0.2495  
29   PHE   14.7924 0.2812  
30   ALA   16.2044 0.2549  
32   SER   16.0759 0.2381  
33   ARG   14.1996 0.2524  
34   LEU   17.1541 0.3401  
35   ASP   15.4914 0.2837  
36   ILE   15.9042 0.1840  
38   ASP   14.1546 0.1620  
39   ALA   13.7834 0.1322  
