No      Name    NOE        SD         
4       GLY     0.1308     0.01930    
5       SER     0.3488     0.01773    
6       MET     0.3838     0.02305    
7       ASP     0.5637     0.03229    
8       SER     0.6344     0.02572    
12      GLY     0.7587     0.05513    
13      TYR     0.8012     0.04243    
14      ARG     0.8680     0.06368    
15      ARG     0.8080     0.07244    
16      ASN     0.8700     0.08373    
17      VAL     0.8671     0.05705    
20      CYS     0.8289     0.04880    
21      LEU     0.8036     0.06263    
22      MET     0.7982     0.04135    
24      ASN     0.7678     0.03372    
25      ASP     0.7864     0.02340    
26      LYS     0.8266     0.03583    
27      LYS     0.8193     0.02961    
28      ILE     0.7786     0.04473    
29      PHE     0.9082     0.05906    
30      ALA     0.8688     0.04715    
32      SER     0.8322     0.04507    
33      ARG     0.7825     0.05367    
34      LEU     0.7918     0.05656    
35      ASP     0.7448     0.06471    
36      ILE     0.6649     0.03359    
38      ASP     0.6127     0.03295    
39      ALA     0.6740     0.03005    
40      TRP     0.7062     0.04638    
41      GLN     0.8065     0.04333    
42      MET     0.8434     0.05850    
45      GLY     0.8386     0.05838    
46      GLY     0.7763     0.05548    
47      ILE     0.7623     0.05195    
48      ASP     0.8700     0.05707    
49      GLU     0.7642     0.02215    
50      GLY     0.6719     0.03900    
51      GLU     0.8138     0.02280    
52      ASP     0.6949     0.03204    
55      ASN     0.7441     0.03007    
56      ALA     0.8142     0.03470    
57      ALA     0.8478     0.02650    
58      ILE     0.8079     0.04166    
59      ARG     0.8819     0.03704    
60      GLU     0.8722     0.04882    
61      LEU     0.8532     0.03333    
62      ARG     0.8053     0.03557    
63      GLU     0.8559     0.04338    
64      GLU     0.8347     0.04693    
65      THR     0.8408     0.06271    
67      VAL     0.8587     0.03979    
68      THR     0.7429     0.06345    
69      SER     0.8811     0.06800    
70      ALA     0.8343     0.02269    
71      GLU     0.8528     0.03429    
72      VAL     0.8147     0.02842    
73      ILE     0.8144     0.05904    
74      ALA     0.8799     0.03177    
75      GLU     0.8115     0.02821    
76      VAL     0.8053     0.04767    
78      TYR     0.7119     0.02182    
79      TRP     0.8078     0.05465    
80      LEU     0.7637     0.05911    
81      THR     0.7991     0.05163    
83      ASP     0.7706     0.05817    
84      PHE     0.6966     0.05264    
87      LYS     0.8728     0.10782    
88      VAL     0.7211     0.05499    
89      ARG     0.6571     0.04147    
90      GLU     0.6818     0.04277    
91      LYS     0.7119     0.04990    
93      ASN     0.6754     0.03017    
95      GLN     0.6743     0.14736    
96      TRP     0.7591     0.02197    
97      GLY     0.5948     0.05718    
98      SER     0.6094     0.05868    
100     TRP     0.5417     0.10795    
102     GLY     0.8920     0.08162    
104     ALA     0.8530     0.07073    
105     GLN     0.8829     0.06637    
106     LYS     0.8494     0.07439    
107     TRP     0.8726     0.07946    
108     PHE     0.8988     0.04946    
109     LEU     0.8483     0.04414    
110     PHE     0.8364     0.05300    
111     LYS     0.8363     0.04057    
112     PHE     0.8321     0.04493    
114     GLY     0.7506     0.11301    
115     GLN     0.8103     0.02903    
116     ASP     0.8060     0.02631    
118     GLU     0.8344     0.02423    
120     ASN     0.8253     0.03827    
121     LEU     0.7502     0.04027    
122     LEU     0.7837     0.02937    
123     GLY     0.5768     0.02258    
125     GLY     0.6253     0.02170    
127     GLU     0.5497     0.01620    
128     LYS     0.5073     0.01959    
130     GLU     0.6063     0.03567    
131     PHE     0.7729     0.04335    
132     GLY     0.8806     0.07609    
133     GLU     0.6080     0.02688    
134     TRP     0.8346     0.02925    
135     SER     0.8369     0.03934    
137     VAL     0.8897     0.04766    
138     THR     0.9042     0.04198    
140     GLU     0.7718     0.02750    
142     LEU     0.8051     0.03470    
143     ILE     0.8556     0.04364    
146     THR     0.7559     0.03527    
148     GLU     0.7882     0.04294    
149     PHE     0.7948     0.08013    
150     LYS     0.9117     0.07615    
151     LYS     0.8231     0.04763    
153     VAL     0.7358     0.04837    
154     TYR     0.8260     0.05994    
155     LYS     0.8583     0.04037    
156     GLU     0.8706     0.03669    
157     VAL     0.8120     0.04132    
158     LEU     0.8446     0.04533    
159     SER     0.8833     0.03568    
160     VAL     0.7910     0.03543    
161     PHE     0.8579     0.03701    
162     ALA     0.8165     0.02511    
164     HIS     0.7525     0.02875    
165     LEU     0.7672     0.02951    
