No      Name    NOE        SD         
4       GLY     0.1016     0.02796    
5       SER     0.3152     0.02660    
6       MET     0.3119     0.03603    
7       ASP     0.5623     0.04910    
8       SER     0.5967     0.03784    
12      GLY     0.7927     0.09111    
13      TYR     0.6956     0.05460    
14      ARG     0.7380     0.08551    
15      ARG     0.7042     0.09335    
16      ASN     0.7557     0.12550    
17      VAL     0.7802     0.08022    
20      CYS     0.8926     0.08054    
21      LEU     0.7215     0.09423    
22      MET     0.7779     0.06072    
24      ASN     0.7277     0.04967    
25      ASP     0.7335     0.03773    
26      LYS     0.7864     0.05294    
27      LYS     0.7987     0.04530    
28      ILE     0.8339     0.08117    
29      PHE     0.8206     0.08571    
30      ALA     0.8135     0.06738    
32      SER     0.7744     0.07002    
33      ARG     0.7284     0.08317    
34      LEU     0.6532     0.08222    
35      ASP     0.5796     0.07822    
36      ILE     0.6666     0.05175    
38      ASP     0.6123     0.05324    
39      ALA     0.6373     0.04483    
40      TRP     0.7022     0.06983    
41      GLN     0.8265     0.07995    
42      MET     0.6892     0.06796    
45      GLY     0.7915     0.08950    
46      GLY     0.7038     0.06961    
47      ILE     0.7482     0.08242    
48      ASP     0.7618     0.07453    
49      GLU     0.7661     0.03777    
50      GLY     0.6727     0.06334    
51      GLU     0.7850     0.03565    
52      ASP     0.6936     0.04693    
55      ASN     0.8930     0.05838    
56      ALA     0.7545     0.04763    
57      ALA     0.7385     0.03254    
58      ILE     0.7679     0.06151    
59      ARG     0.8060     0.05184    
60      GLU     0.8157     0.07176    
61      LEU     0.8071     0.05095    
62      ARG     0.7563     0.05536    
63      GLU     0.8712     0.07296    
64      GLU     0.7465     0.06245    
65      THR     0.8578     0.10009    
67      VAL     0.7888     0.05796    
68      THR     0.6166     0.08889    
69      SER     0.9039     0.10950    
70      ALA     0.7702     0.03360    
71      GLU     0.7325     0.04629    
72      VAL     0.7200     0.03719    
73      ILE     0.6824     0.08031    
74      ALA     0.7499     0.04253    
75      GLU     0.7556     0.04353    
76      VAL     0.8798     0.08759    
78      TYR     0.6861     0.03191    
79      TRP     0.7022     0.07926    
80      LEU     0.8047     0.10514    
81      THR     0.8052     0.08352    
83      ASP     0.7587     0.08517    
84      PHE     0.6320     0.07558    
87      LYS     0.7728     0.14427    
88      VAL     0.5853     0.07513    
89      ARG     0.6771     0.06413    
90      GLU     0.5932     0.05630    
91      LYS     0.6503     0.06358    
93      ASN     0.6475     0.04816    
95      GLN     0.7170     0.21506    
96      TRP     0.7446     0.03377    
97      GLY     0.6043     0.07474    
98      SER     0.6219     0.07318    
100     TRP     0.5533     0.12955    
102     GLY     0.8644     0.11280    
104     ALA     0.6823     0.08706    
105     GLN     0.7677     0.08916    
106     LYS     0.8467     0.11150    
107     TRP     0.8068     0.11791    
108     PHE     0.8025     0.06588    
109     LEU     0.8783     0.06969    
110     PHE     0.8842     0.09187    
111     LYS     0.8339     0.06839    
112     PHE     0.7482     0.06512    
114     GLY     0.9770     0.44406    
115     GLN     0.7707     0.04458    
116     ASP     0.7730     0.04165    
118     GLU     0.7934     0.03240    
120     ASN     0.8151     0.05790    
121     LEU     0.7816     0.07124    
122     LEU     0.6531     0.03995    
123     GLY     0.5859     0.03403    
125     GLY     0.5164     0.02875    
127     GLU     0.4730     0.02350    
128     LYS     0.4221     0.02770    
130     GLU     0.5572     0.05203    
131     PHE     0.7335     0.06732    
132     GLY     0.7023     0.08883    
133     GLU     0.5872     0.04200    
134     TRP     0.7412     0.04075    
135     SER     0.7345     0.05266    
137     VAL     0.8498     0.07623    
138     THR     0.7521     0.05692    
140     GLU     0.7834     0.04590    
142     LEU     0.7887     0.05608    
143     ILE     0.8164     0.06888    
146     THR     0.7927     0.06249    
148     GLU     0.7629     0.06290    
149     PHE     0.6139     0.08660    
150     LYS     0.9401     0.12601    
151     LYS     0.7482     0.07176    
153     VAL     0.6897     0.07389    
154     TYR     0.6482     0.07107    
155     LYS     0.7732     0.05757    
156     GLU     0.7772     0.05662    
157     VAL     0.8154     0.06450    
158     LEU     0.8485     0.07585    
159     SER     0.7652     0.04780    
160     VAL     0.7749     0.05894    
161     PHE     0.8951     0.06090    
162     ALA     0.8469     0.04292    
164     HIS     0.7541     0.04804    
165     LEU     0.7536     0.04542    
