No   Name  Rate    Error   
4    GLY   1.3606  0.0453  
5    SER   1.3083  0.0297  
6    MET   1.4093  0.0445  
7    ASP   1.3577  0.0496  
8    SER   1.2933  0.0369  
12   GLY   1.3076  0.0784  
13   TYR   1.2540  0.0565  
14   ARG   1.1574  0.0901  
15   ARG   1.1945  0.0929  
16   ASN   1.1864  0.1396  
17   VAL   1.2305  0.0858  
20   CYS   1.2696  0.0739  
21   LEU   1.2381  0.1134  
22   MET   1.2071  0.0647  
24   ASN   1.2492  0.0526  
25   ASP   1.0979  0.0355  
26   LYS   1.2561  0.0432  
27   LYS   1.1624  0.0392  
28   ILE   1.1804  0.0794  
29   PHE   1.0877  0.0801  
30   ALA   1.1258  0.0639  
32   SER   1.2118  0.0601  
33   ARG   1.2076  0.0702  
34   LEU   1.2611  0.0710  
35   ASP   1.1968  0.0791  
36   ILE   1.1595  0.0495  
38   ASP   1.1183  0.0457  
39   ALA   1.1466  0.0386  
40   TRP   1.1701  0.0587  
41   GLN   1.1479  0.0622  
42   MET   1.1876  0.0891  
45   GLY   1.2436  0.0850  
46   GLY   1.1603  0.0838  
47   ILE   1.1741  0.0720  
48   ASP   1.1302  0.0736  
49   GLU   1.1197  0.0277  
50   GLY   1.2439  0.0717  
51   GLU   1.1481  0.0298  
55   ASN   1.1104  0.0420  
56   ALA   1.2565  0.0471  
58   ILE   1.2132  0.0671  
59   ARG   1.1341  0.0473  
60   GLU   1.2789  0.0751  
61   LEU   1.2409  0.0471  
62   ARG   1.2843  0.0572  
63   GLU   1.1786  0.0656  
64   GLU   1.2521  0.0651  
65   THR   1.2082  0.0896  
67   VAL   1.1852  0.0545  
68   THR   1.1096  0.1154  
69   SER   1.2156  0.1048  
70   ALA   1.1669  0.0280  
71   GLU   1.1724  0.0453  
72   VAL   1.1778  0.0365  
73   ILE   1.2947  0.0879  
74   ALA   1.1649  0.0415  
75   GLU   1.1186  0.0370  
76   VAL   1.2431  0.0639  
78   TYR   0.9722  0.0311  
79   TRP   1.1121  0.0789  
80   LEU   1.2341  0.0839  
81   THR   1.1866  0.0618  
83   ASP   1.2508  0.0841  
84   PHE   1.2695  0.0796  
87   LYS+  1.1973  0.1268  
88   VAL   1.1675  0.0904  
89   ARG+  1.3831  0.0632  
90   GLU-  1.3163  0.0562  
91   LYS+  1.4596  0.0661  
93   ASN   1.3755  0.0506  
95   GLN   1.4692  0.2233  
97   GLY   1.4033  0.0821  
98   SER   1.2993  0.0952  
100  TRP   1.2242  0.1893  
102  GLY   1.3014  0.1013  
104  ALA   1.2122  0.0932  
105  GLN   1.2070  0.0816  
106  LYS   1.2673  0.0948  
107  TRP   1.2710  0.1014  
108  PHE   1.1046  0.0688  
109  LEU   1.1088  0.0634  
110  PHE   1.3106  0.0824  
111  LYS   1.1453  0.0593  
112  PHE   1.1684  0.0590  
115  GLN   1.1012  0.0420  
116  ASP   1.1212  0.0401  
121  LEU   1.0473  0.0651  
122  LEU   1.1370  0.0380  
123  GLY   1.2537  0.0319  
125  GLY   1.2205  0.0276  
127  GLU   1.2260  0.0262  
128  LYS   1.1316  0.0308  
130  GLU   1.1384  0.0557  
131  PHE   1.2440  0.0614  
132  GLY   1.1697  0.0856  
133  GLU   1.0388  0.0411  
134  TRP   1.1234  0.0365  
135  SER   1.1034  0.0529  
137  VAL   1.1394  0.0701  
138  THR   1.1991  0.0468  
140  GLU   1.0801  0.0370  
142  LEU   1.1796  0.0457  
143  ILE   1.1380  0.0560  
146  THR   1.1505  0.0475  
148  GLU   1.2636  0.0557  
149  PHE   1.4810  0.1181  
150  LYS   1.3057  0.1016  
151  LYS   1.1892  0.0706  
153  VAL   1.1466  0.0667  
154  TYR   1.1711  0.0766  
155  LYS   1.2008  0.0506  
156  GLU   1.1275  0.0474  
157  VAL   1.1589  0.0580  
158  LEU   1.1712  0.0671  
159  SER   1.1605  0.0423  
160  VAL   1.1870  0.0459  
161  PHE   1.1730  0.0494  
162  ALA   1.1214  0.0349  
164  HIS   1.1010  0.0421  
165  LEU   1.1156  0.0416  
