No   Name  Rate    Error   
4    GLY   8.0914  0.0573  
5    SER   8.7116  0.0557  
6    MET   9.3194  0.0880  
7    ASP   10.3996 0.1124  
8    SER   11.1601 0.0888  
12   GLY   13.0074 0.2456  
13   TYR   14.6223 0.1823  
14   ARG   13.8208 0.2729  
15   ARG   14.8713 0.3559  
16   ASN   15.9076 0.4909  
17   VAL   15.0763 0.3111  
20   CYS   13.9158 0.2282  
21   LEU   13.7888 0.3802  
22   MET   14.3196 0.2017  
24   ASN   13.4496 0.1595  
25   ASP   13.1153 0.1031  
26   LYS   12.8792 0.1464  
27   LYS   14.0711 0.1378  
28   ILE   14.1161 0.2454  
29   PHE   14.0472 0.2942  
30   ALA   15.1773 0.2334  
32   SER   15.4328 0.2307  
33   ARG   13.7551 0.2431  
34   LEU   15.4717 0.2987  
35   ASP   15.3122 0.3018  
36   ILE   14.7668 0.1603  
38   ASP   13.6038 0.1479  
39   ALA   12.8351 0.1216  
40   TRP   12.4651 0.1816  
41   GLN   14.7556 0.2361  
42   MET   14.8343 0.2814  
45   GLY   15.9486 0.3291  
46   GLY   12.5372 0.2036  
47   ILE   13.4266 0.2255  
48   ASP   14.3873 0.2460  
49   GLU   12.6912 0.0885  
50   GLY   12.0413 0.1721  
51   GLU   13.5787 0.0931  
55   ASN   13.3525 0.1483  
56   ALA   14.4252 0.1630  
58   ILE   14.6630 0.2240  
59   ARG   14.8516 0.1941  
60   GLU   15.2928 0.2578  
61   LEU   14.5990 0.1777  
62   ARG   14.4341 0.1918  
63   GLU   15.0883 0.2411  
64   GLU   13.9517 0.2077  
65   THR   13.6421 0.3102  
67   VAL   14.4782 0.2159  
68   THR   14.6098 0.4277  
69   SER   13.2785 0.2838  
70   ALA   12.3579 0.0786  
71   GLU   13.0564 0.1245  
72   VAL   11.8468 0.0967  
73   ILE   13.4448 0.2910  
74   ALA   13.7520 0.1446  
75   GLU   13.6581 0.1155  
76   VAL   13.3729 0.2152  
78   TYR   10.4771 0.0650  
79   TRP   14.2684 0.2792  
80   LEU   13.8450 0.3399  
81   THR   13.7084 0.2071  
83   ASP   16.2506 0.3268  
84   PHE   13.7103 0.2408  
87   LYS+  16.4667 0.6041  
88   VAL   13.3446 0.2412  
89   ARG+  14.9879 0.2283  
90   GLU-  15.3519 0.2170  
91   LYS+  13.2280 0.1714  
93   ASN   13.1813 0.1281  
95   GLN   29.6870 1.8040  
97   GLY   12.0137 0.2228  
98   SER   13.9060 0.2176  
100  TRP   20.7999 0.8717  
102  GLY   15.0230 0.3184  
104  ALA   14.2303 0.3000  
105  GLN   13.6306 0.3003  
106  LYS   14.8594 0.4089  
107  TRP   13.6923 0.3880  
108  PHE   14.3850 0.2411  
109  LEU   13.5545 0.2119  
110  PHE   13.5983 0.2801  
111  LYS   13.4174 0.1893  
112  PHE   13.5763 0.2083  
115  GLN   13.0894 0.1194  
116  ASP   13.7087 0.1258  
121  LEU   13.1836 0.1972  
122  LEU   14.4701 0.1315  
123  GLY   10.6815 0.0727  
125  GLY   9.9732  0.0631  
127  GLU   10.8001 0.0545  
128  LYS   11.1239 0.0666  
130  GLU   12.5665 0.1498  
131  PHE   13.6787 0.1985  
132  GLY   14.6753 0.3255  
133  GLU   12.9476 0.1205  
134  TRP   14.9162 0.1353  
135  SER   14.4522 0.1946  
137  VAL   13.6442 0.2185  
138  THR   13.4879 0.1519  
140  GLU   13.8997 0.1193  
142  LEU   14.6937 0.1661  
143  ILE   15.1710 0.2135  
146  THR   13.6628 0.1489  
148  GLU   14.3947 0.2020  
149  PHE   16.4355 0.4165  
150  LYS   17.7081 0.4517  
151  LYS   14.7474 0.2487  
153  VAL   13.6823 0.2482  
154  TYR   14.7985 0.2726  
155  LYS   15.0567 0.1850  
156  GLU   15.1458 0.1841  
157  VAL   14.7708 0.2128  
158  LEU   15.0640 0.2251  
159  SER   14.1624 0.1399  
160  VAL   14.3177 0.1884  
161  PHE   14.2896 0.1730  
162  ALA   14.5339 0.1274  
164  HIS   13.6951 0.1450  
165  LEU   13.3543 0.1314  
