No   Name  Rate    Error   
4    GLY   7.6808  0.1121  
5    SER   8.5413  0.1016  
6    MET   9.1385  0.1547  
7    ASP   10.2427 0.2054  
8    SER   10.8261 0.1508  
12   GLY   12.9986 0.4370  
13   TYR   14.4471 0.3219  
14   ARG   13.3341 0.4881  
15   ARG   14.5404 0.6142  
16   ASN   14.7545 0.8148  
17   VAL   15.1732 0.5171  
20   CYS   13.2717 0.4148  
21   LEU   14.2009 0.6780  
22   MET   13.7575 0.4096  
24   ASN   13.0734 0.2707  
25   ASP   13.1222 0.1953  
26   LYS   12.8295 0.2529  
27   LYS   13.6364 0.2242  
28   ILE   13.5213 0.4236  
29   PHE   13.7892 0.5191  
30   ALA   14.6015 0.3949  
32   SER   14.7220 0.3983  
33   ARG   13.3492 0.4188  
34   LEU   15.7099 0.6363  
35   ASP   14.8015 0.6079  
36   ILE   14.9973 0.3173  
38   ASP   13.7251 0.2922  
39   ALA   12.6702 0.2245  
